This is pdfTeX, Version 3.141592653-2.6-1.40.29 (MiKTeX 26.2) (preloaded format=pdflatex 2026.4.9)  24 AUG 2026 13:36
entering extended mode
 restricted \write18 enabled.
 file:line:error style messages enabled.
 %&-line parsing enabled.
**d:/Stats2/submission/STAT452_Group8_Final_Report.tex
(d:/Stats2/submission/STAT452_Group8_Final_Report.tex
LaTeX2e <2025-11-01>
L3 programming layer <2026-01-19>
(C:\Users\Thien Loc\AppData\Local\Programs\MiKTeX\tex/latex/base\article.cls
Document Class: article 2025/01/22 v1.4n Standard LaTeX document class
(C:\Users\Thien Loc\AppData\Local\Programs\MiKTeX\tex/latex/base\size10.clo
File: size10.clo 2025/01/22 v1.4n Standard LaTeX file (size option)
)
\c@part=\count275
\c@section=\count276
\c@subsection=\count277
\c@subsubsection=\count278
\c@paragraph=\count279
\c@subparagraph=\count280
\c@figure=\count281
\c@table=\count282
\abovecaptionskip=\skip49
\belowcaptionskip=\skip50
\bibindent=\dimen148
) (C:\Users\Thien Loc\AppData\Local\Programs\MiKTeX\tex/latex/xcolor\xcolor.sty
Package: xcolor 2024/09/29 v3.02 LaTeX color extensions (UK)
 (C:\Users\Thien Loc\AppData\Local\Programs\MiKTeX\tex/latex/graphics-cfg\color.cfg
File: color.cfg 2016/01/02 v1.6 sample color configuration
)
Package xcolor Info: Driver file: pdftex.def on input line 274.
 (C:\Users\Thien Loc\AppData\Local\Programs\MiKTeX\tex/latex/graphics-def\pdftex.def
File: pdftex.def 2025/09/29 v1.2d Graphics/color driver for pdftex
) (C:\Users\Thien Loc\AppData\Local\Programs\MiKTeX\tex/latex/graphics\mathcolor.ltx)
Package xcolor Info: Model `cmy' substituted by `cmy0' on input line 1349.
Package xcolor Info: Model `hsb' substituted by `rgb' on input line 1353.
Package xcolor Info: Model `RGB' extended on input line 1365.
Package xcolor Info: Model `HTML' substituted by `rgb' on input line 1367.
Package xcolor Info: Model `Hsb' substituted by `hsb' on input line 1368.
Package xcolor Info: Model `tHsb' substituted by `hsb' on input line 1369.
Package xcolor Info: Model `HSB' substituted by `hsb' on input line 1370.
Package xcolor Info: Model `Gray' substituted by `gray' on input line 1371.
Package xcolor Info: Model `wave' substituted by `hsb' on input line 1372.
) (C:\Users\Thien Loc\AppData\Local\Programs\MiKTeX\tex/latex/geometry\geometry.sty
Package: geometry 2026/03/07 v6.0 Page Geometry
 (C:\Users\Thien Loc\AppData\Local\Programs\MiKTeX\tex/latex/graphics\keyval.sty
Package: keyval 2022/05/29 v1.15 key=value parser (DPC)
\KV@toks@=\toks17
) (C:\Users\Thien Loc\AppData\Local\Programs\MiKTeX\tex/generic/iftex\ifvtex.sty
Package: ifvtex 2019/10/25 v1.7 ifvtex legacy package. Use iftex instead.
 (C:\Users\Thien Loc\AppData\Local\Programs\MiKTeX\tex/generic/iftex\iftex.sty
Package: iftex 2024/12/12 v1.0g TeX engine tests
))
\Gm@cnth=\count283
\Gm@cntv=\count284
\c@Gm@tempcnt=\count285
\Gm@bindingoffset=\dimen149
\Gm@wd@mp=\dimen150
\Gm@odd@mp=\dimen151
\Gm@even@mp=\dimen152
\Gm@layoutwidth=\dimen153
\Gm@layoutheight=\dimen154
\Gm@layouthoffset=\dimen155
\Gm@layoutvoffset=\dimen156
\Gm@dimlist=\toks18
 (C:\Users\Thien Loc\AppData\Local\Programs\MiKTeX\tex/latex/geometry\geometry.cfg)) (C:\Users\Thien Loc\AppData\Local\Programs\MiKTeX\tex/latex/amsmath\amsmath.sty
Package: amsmath 2025/07/09 v2.17z AMS math features
\@mathmargin=\skip51

For additional information on amsmath, use the `?' option.
(C:\Users\Thien Loc\AppData\Local\Programs\MiKTeX\tex/latex/amsmath\amstext.sty
Package: amstext 2024/11/17 v2.01 AMS text
 (C:\Users\Thien Loc\AppData\Local\Programs\MiKTeX\tex/latex/amsmath\amsgen.sty
File: amsgen.sty 1999/11/30 v2.0 generic functions
\@emptytoks=\toks19
\ex@=\dimen157
)) (C:\Users\Thien Loc\AppData\Local\Programs\MiKTeX\tex/latex/amsmath\amsbsy.sty
Package: amsbsy 1999/11/29 v1.2d Bold Symbols
\pmbraise@=\dimen158
) (C:\Users\Thien Loc\AppData\Local\Programs\MiKTeX\tex/latex/amsmath\amsopn.sty
Package: amsopn 2022/04/08 v2.04 operator names
)
\inf@bad=\count286
LaTeX Info: Redefining \frac on input line 233.
\uproot@=\count287
\leftroot@=\count288
LaTeX Info: Redefining \overline on input line 398.
LaTeX Info: Redefining \colon on input line 409.
\classnum@=\count289
\DOTSCASE@=\count290
LaTeX Info: Redefining \ldots on input line 495.
LaTeX Info: Redefining \dots on input line 498.
LaTeX Info: Redefining \cdots on input line 619.
\Mathstrutbox@=\box53
\strutbox@=\box54
LaTeX Info: Redefining \big on input line 721.
LaTeX Info: Redefining \Big on input line 722.
LaTeX Info: Redefining \bigg on input line 723.
LaTeX Info: Redefining \Bigg on input line 724.
\big@size=\dimen159
LaTeX Font Info:    Redeclaring font encoding OML on input line 742.
LaTeX Font Info:    Redeclaring font encoding OMS on input line 743.
\macc@depth=\count291
LaTeX Info: Redefining \bmod on input line 904.
LaTeX Info: Redefining \pmod on input line 909.
LaTeX Info: Redefining \smash on input line 939.
LaTeX Info: Redefining \relbar on input line 969.
LaTeX Info: Redefining \Relbar on input line 970.
\c@MaxMatrixCols=\count292
\dotsspace@=\muskip17
\c@parentequation=\count293
\dspbrk@lvl=\count294
\tag@help=\toks20
\row@=\count295
\column@=\count296
\maxfields@=\count297
\andhelp@=\toks21
\eqnshift@=\dimen160
\alignsep@=\dimen161
\tagshift@=\dimen162
\tagwidth@=\dimen163
\totwidth@=\dimen164
\lineht@=\dimen165
\@envbody=\toks22
\multlinegap=\skip52
\multlinetaggap=\skip53
\mathdisplay@stack=\toks23
LaTeX Info: Redefining \[ on input line 2950.
LaTeX Info: Redefining \] on input line 2951.
) (C:\Users\Thien Loc\AppData\Local\Programs\MiKTeX\tex/latex/amsfonts\amssymb.sty
Package: amssymb 2013/01/14 v3.01 AMS font symbols
 (C:\Users\Thien Loc\AppData\Local\Programs\MiKTeX\tex/latex/amsfonts\amsfonts.sty
Package: amsfonts 2013/01/14 v3.01 Basic AMSFonts support
\symAMSa=\mathgroup4
\symAMSb=\mathgroup5
LaTeX Font Info:    Redeclaring math symbol \hbar on input line 98.
LaTeX Font Info:    Overwriting math alphabet `\mathfrak' in version `bold'
(Font)                  U/euf/m/n --> U/euf/b/n on input line 106.
)) (C:\Users\Thien Loc\AppData\Local\Programs\MiKTeX\tex/latex/base\fontenc.sty
Package: fontenc 2025/07/18 v2.1d Standard LaTeX package
) (C:\Users\Thien Loc\AppData\Local\Programs\MiKTeX\tex/latex/base\inputenc.sty
Package: inputenc 2024/02/08 v1.3d Input encoding file
\inpenc@prehook=\toks24
\inpenc@posthook=\toks25
) (C:\Users\Thien Loc\AppData\Local\Programs\MiKTeX\tex/latex/base\textcomp.sty
Package: textcomp 2024/04/24 v2.1b Standard LaTeX package
) (C:\Users\Thien Loc\AppData\Local\Programs\MiKTeX\tex/latex/lm\lmodern.sty
Package: lmodern 2015/05/01 v1.6.1 Latin Modern Fonts
LaTeX Font Info:    Overwriting symbol font `operators' in version `normal'
(Font)                  OT1/cmr/m/n --> OT1/lmr/m/n on input line 22.
LaTeX Font Info:    Overwriting symbol font `letters' in version `normal'
(Font)                  OML/cmm/m/it --> OML/lmm/m/it on input line 23.
LaTeX Font Info:    Overwriting symbol font `symbols' in version `normal'
(Font)                  OMS/cmsy/m/n --> OMS/lmsy/m/n on input line 24.
LaTeX Font Info:    Overwriting symbol font `largesymbols' in version `normal'
(Font)                  OMX/cmex/m/n --> OMX/lmex/m/n on input line 25.
LaTeX Font Info:    Overwriting symbol font `operators' in version `bold'
(Font)                  OT1/cmr/bx/n --> OT1/lmr/bx/n on input line 26.
LaTeX Font Info:    Overwriting symbol font `letters' in version `bold'
(Font)                  OML/cmm/b/it --> OML/lmm/b/it on input line 27.
LaTeX Font Info:    Overwriting symbol font `symbols' in version `bold'
(Font)                  OMS/cmsy/b/n --> OMS/lmsy/b/n on input line 28.
LaTeX Font Info:    Overwriting symbol font `largesymbols' in version `bold'
(Font)                  OMX/cmex/m/n --> OMX/lmex/m/n on input line 29.
LaTeX Font Info:    Overwriting math alphabet `\mathbf' in version `normal'
(Font)                  OT1/cmr/bx/n --> OT1/lmr/bx/n on input line 31.
LaTeX Font Info:    Overwriting math alphabet `\mathsf' in version `normal'
(Font)                  OT1/cmss/m/n --> OT1/lmss/m/n on input line 32.
LaTeX Font Info:    Overwriting math alphabet `\mathit' in version `normal'
(Font)                  OT1/cmr/m/it --> OT1/lmr/m/it on input line 33.
LaTeX Font Info:    Overwriting math alphabet `\mathtt' in version `normal'
(Font)                  OT1/cmtt/m/n --> OT1/lmtt/m/n on input line 34.
LaTeX Font Info:    Overwriting math alphabet `\mathbf' in version `bold'
(Font)                  OT1/cmr/bx/n --> OT1/lmr/bx/n on input line 35.
LaTeX Font Info:    Overwriting math alphabet `\mathsf' in version `bold'
(Font)                  OT1/cmss/bx/n --> OT1/lmss/bx/n on input line 36.
LaTeX Font Info:    Overwriting math alphabet `\mathit' in version `bold'
(Font)                  OT1/cmr/bx/it --> OT1/lmr/bx/it on input line 37.
LaTeX Font Info:    Overwriting math alphabet `\mathtt' in version `bold'
(Font)                  OT1/cmtt/m/n --> OT1/lmtt/m/n on input line 38.
) (C:\Users\Thien Loc\AppData\Local\Programs\MiKTeX\tex/latex/upquote\upquote.sty
Package: upquote 2012/04/19 v1.3 upright-quote and grave-accent glyphs in verbatim
) (C:\Users\Thien Loc\AppData\Local\Programs\MiKTeX\tex/latex/microtype\microtype.sty
Package: microtype 2026/03/01 v3.2d Micro-typographical refinements (RS)
 (C:\Users\Thien Loc\AppData\Local\Programs\MiKTeX\tex/latex/etoolbox\etoolbox.sty
Package: etoolbox 2025/10/02 v2.5m e-TeX tools for LaTeX (JAW)
\etb@tempcnta=\count298
)
\MT@toks=\toks26
\MT@tempbox=\box55
\MT@count=\count299
LaTeX Info: Redefining \noprotrusionifhmode on input line 1084.
LaTeX Info: Redefining \leftprotrusion on input line 1085.
\MT@prot@toks=\toks27
LaTeX Info: Redefining \rightprotrusion on input line 1104.
LaTeX Info: Redefining \textls on input line 1449.
\MT@outer@kern=\dimen166
LaTeX Info: Redefining \microtypecontext on input line 2053.
LaTeX Info: Redefining \textmicrotypecontext on input line 2070.
\MT@listname@count=\count300
 (C:\Users\Thien Loc\AppData\Local\Programs\MiKTeX\tex/latex/microtype\microtype-pdftex.def
File: microtype-pdftex.def 2026/03/01 v3.2d Definitions specific to pdftex (RS)
LaTeX Info: Redefining \lsstyle on input line 944.
LaTeX Info: Redefining \lslig on input line 944.
\MT@outer@space=\skip54
)
Package microtype Info: Loading configuration file microtype.cfg.
 (C:\Users\Thien Loc\AppData\Local\Programs\MiKTeX\tex/latex/microtype\microtype.cfg
File: microtype.cfg 2026/03/01 v3.2d microtype main configuration file (RS)
)
LaTeX Info: Redefining \microtypesetup on input line 3065.
) (C:\Users\Thien Loc\AppData\Local\Programs\MiKTeX\tex/latex/parskip\parskip.sty
Package: parskip 2021-03-14 v2.0h non-zero parskip adjustments
 (C:\Users\Thien Loc\AppData\Local\Programs\MiKTeX\tex/latex/kvoptions\kvoptions.sty
Package: kvoptions 2022-06-15 v3.15 Key value format for package options (HO)
 (C:\Users\Thien Loc\AppData\Local\Programs\MiKTeX\tex/generic/ltxcmds\ltxcmds.sty
Package: ltxcmds 2023-12-04 v1.26 LaTeX kernel commands for general use (HO)
) (C:\Users\Thien Loc\AppData\Local\Programs\MiKTeX\tex/latex/kvsetkeys\kvsetkeys.sty
Package: kvsetkeys 2022-10-05 v1.19 Key value parser (HO)
))) (C:\Users\Thien Loc\AppData\Local\Programs\MiKTeX\tex/latex/graphics\graphicx.sty
Package: graphicx 2024/12/31 v1.2e Enhanced LaTeX Graphics (DPC,SPQR)
 (C:\Users\Thien Loc\AppData\Local\Programs\MiKTeX\tex/latex/graphics\graphics.sty
Package: graphics 2024/08/06 v1.4g Standard LaTeX Graphics (DPC,SPQR)
 (C:\Users\Thien Loc\AppData\Local\Programs\MiKTeX\tex/latex/graphics\trig.sty
Package: trig 2023/12/02 v1.11 sin cos tan (DPC)
) (C:\Users\Thien Loc\AppData\Local\Programs\MiKTeX\tex/latex/graphics-cfg\graphics.cfg
File: graphics.cfg 2016/06/04 v1.11 sample graphics configuration
)
Package graphics Info: Driver file: pdftex.def on input line 106.
)
\Gin@req@height=\dimen167
\Gin@req@width=\dimen168
)
\pandoc@box=\box56
\cslhangindent=\skip55
\csllabelwidth=\skip56
 (C:\Users\Thien Loc\AppData\Local\Programs\MiKTeX\tex/latex/tools\calc.sty
Package: calc 2025/03/01 v4.3b Infix arithmetic (KKT,FJ)
\calc@Acount=\count301
\calc@Bcount=\count302
\calc@Adimen=\dimen169
\calc@Bdimen=\dimen170
\calc@Askip=\skip57
\calc@Bskip=\skip58
LaTeX Info: Redefining \setlength on input line 86.
LaTeX Info: Redefining \addtolength on input line 87.
\calc@Ccount=\count303
\calc@Cskip=\skip59
) (C:\Users\Thien Loc\AppData\Local\Programs\MiKTeX\tex/latex/booktabs\booktabs.sty
Package: booktabs 2020/01/12 v1.61803398 Publication quality tables
\heavyrulewidth=\dimen171
\lightrulewidth=\dimen172
\cmidrulewidth=\dimen173
\belowrulesep=\dimen174
\belowbottomsep=\dimen175
\aboverulesep=\dimen176
\abovetopsep=\dimen177
\cmidrulesep=\dimen178
\cmidrulekern=\dimen179
\defaultaddspace=\dimen180
\@cmidla=\count304
\@cmidlb=\count305
\@aboverulesep=\dimen181
\@belowrulesep=\dimen182
\@thisruleclass=\count306
\@lastruleclass=\count307
\@thisrulewidth=\dimen183
) (C:\Users\Thien Loc\AppData\Local\Programs\MiKTeX\tex/latex/tools\longtable.sty
Package: longtable 2025-10-13 v4.24 Multi-page Table package (DPC)
\LTleft=\skip60
\LTright=\skip61
\LTpre=\skip62
\LTpost=\skip63
\LTchunksize=\count308
\LTcapwidth=\dimen184
\LT@head=\box57
\LT@firsthead=\box58
\LT@foot=\box59
\LT@lastfoot=\box60
\LT@gbox=\box61
\LT@cols=\count309
\LT@rows=\count310
\c@LT@tables=\count311
\c@LT@chunks=\count312
\LT@p@ftn=\toks28
) (C:\Users\Thien Loc\AppData\Local\Programs\MiKTeX\tex/latex/tools\array.sty
Package: array 2025/09/25 v2.6n Tabular extension package (FMi)
\col@sep=\dimen185
\ar@mcellbox=\box62
\extrarowheight=\dimen186
\NC@list=\toks29
\extratabsurround=\skip64
\backup@length=\skip65
\ar@cellbox=\box63
) (C:\Users\Thien Loc\AppData\Local\Programs\MiKTeX\tex/latex/float\float.sty
Package: float 2001/11/08 v1.3d Float enhancements (AL)
\c@float@type=\count313
\float@exts=\toks30
\float@box=\box64
\@float@everytoks=\toks31
\@floatcapt=\box65
) (C:\Users\Thien Loc\AppData\Local\Programs\MiKTeX\tex/latex/bookmark\bookmark.sty
Package: bookmark 2026-05-21 v1.32 PDF bookmarks (HO)
 (C:\Users\Thien Loc\AppData\Local\Programs\MiKTeX\tex/latex/hyperref\hyperref.sty
Package: hyperref 2026-01-29 v7.01p Hypertext links for LaTeX
 (C:\Users\Thien Loc\AppData\Local\Programs\MiKTeX\tex/generic/kvdefinekeys\kvdefinekeys.sty
Package: kvdefinekeys 2019-12-19 v1.6 Define keys (HO)
) (C:\Users\Thien Loc\AppData\Local\Programs\MiKTeX\tex/generic/pdfescape\pdfescape.sty
Package: pdfescape 2019/12/09 v1.15 Implements pdfTeX's escape features (HO)
 (C:\Users\Thien Loc\AppData\Local\Programs\MiKTeX\tex/generic/pdftexcmds\pdftexcmds.sty
Package: pdftexcmds 2020-06-27 v0.33 Utility functions of pdfTeX for LuaTeX (HO)
 (C:\Users\Thien Loc\AppData\Local\Programs\MiKTeX\tex/generic/infwarerr\infwarerr.sty
Package: infwarerr 2019/12/03 v1.5 Providing info/warning/error messages (HO)
)
Package pdftexcmds Info: \pdf@primitive is available.
Package pdftexcmds Info: \pdf@ifprimitive is available.
Package pdftexcmds Info: \pdfdraftmode found.
)) (C:\Users\Thien Loc\AppData\Local\Programs\MiKTeX\tex/latex/hycolor\hycolor.sty
Package: hycolor 2020-01-27 v1.10 Color options for hyperref/bookmark (HO)
) (C:\Users\Thien Loc\AppData\Local\Programs\MiKTeX\tex/latex/hyperref\nameref.sty
Package: nameref 2026-01-29 v2.58 Cross-referencing by name of section
 (C:\Users\Thien Loc\AppData\Local\Programs\MiKTeX\tex/latex/refcount\refcount.sty
Package: refcount 2019/12/15 v3.6 Data extraction from label references (HO)
) (C:\Users\Thien Loc\AppData\Local\Programs\MiKTeX\tex/generic/gettitlestring\gettitlestring.sty
Package: gettitlestring 2019/12/15 v1.6 Cleanup title references (HO)
)
\c@section@level=\count314
) (C:\Users\Thien Loc\AppData\Local\Programs\MiKTeX\tex/generic/stringenc\stringenc.sty
Package: stringenc 2019/11/29 v1.12 Convert strings between diff. encodings (HO)
)
\@linkdim=\dimen187
\Hy@linkcounter=\count315
\Hy@pagecounter=\count316
 (C:\Users\Thien Loc\AppData\Local\Programs\MiKTeX\tex/latex/hyperref\pd1enc.def
File: pd1enc.def 2026-01-29 v7.01p Hyperref: PDFDocEncoding definition (HO)
Now handling font encoding PD1 ...
... no UTF-8 mapping file for font encoding PD1
) (C:\Users\Thien Loc\AppData\Local\Programs\MiKTeX\tex/generic/intcalc\intcalc.sty
Package: intcalc 2019/12/15 v1.3 Expandable calculations with integers (HO)
)
\Hy@SavedSpaceFactor=\count317
 (C:\Users\Thien Loc\AppData\Local\Programs\MiKTeX\tex/latex/hyperref\puenc.def
File: puenc.def 2026-01-29 v7.01p Hyperref: PDF Unicode definition (HO)
Now handling font encoding PU ...
... no UTF-8 mapping file for font encoding PU
)
Package hyperref Info: Option `unicode' set `true' on input line 4072.
Package hyperref Info: Hyper figures OFF on input line 4201.
Package hyperref Info: Link nesting OFF on input line 4206.
Package hyperref Info: Hyper index ON on input line 4209.
Package hyperref Info: Plain pages OFF on input line 4216.
Package hyperref Info: Backreferencing OFF on input line 4221.
Package hyperref Info: Implicit mode ON; LaTeX internals redefined.
Package hyperref Info: Bookmarks ON on input line 4468.
\c@Hy@tempcnt=\count318
 (C:\Users\Thien Loc\AppData\Local\Programs\MiKTeX\tex/latex/url\url.sty
\Urlmuskip=\muskip18
Package: url 2013/09/16  ver 3.4  Verb mode for urls, etc.
)
LaTeX Info: Redefining \url on input line 4807.
\XeTeXLinkMargin=\dimen188
 (C:\Users\Thien Loc\AppData\Local\Programs\MiKTeX\tex/generic/bitset\bitset.sty
Package: bitset 2019/12/09 v1.3 Handle bit-vector datatype (HO)
 (C:\Users\Thien Loc\AppData\Local\Programs\MiKTeX\tex/generic/bigintcalc\bigintcalc.sty
Package: bigintcalc 2019/12/15 v1.5 Expandable calculations on big integers (HO)
))
\Fld@menulength=\count319
\Field@Width=\dimen189
\Fld@charsize=\dimen190
Package hyperref Info: Hyper figures OFF on input line 6084.
Package hyperref Info: Link nesting OFF on input line 6089.
Package hyperref Info: Hyper index ON on input line 6092.
Package hyperref Info: backreferencing OFF on input line 6099.
Package hyperref Info: Link coloring OFF on input line 6104.
Package hyperref Info: Link coloring with OCG OFF on input line 6109.
Package hyperref Info: PDF/A mode OFF on input line 6114.
\Hy@abspage=\count320
\c@Item=\count321
\c@Hfootnote=\count322
)
Package hyperref Info: Driver (autodetected): hpdftex.
 (C:\Users\Thien Loc\AppData\Local\Programs\MiKTeX\tex/latex/hyperref\hpdftex.def
File: hpdftex.def 2026-01-29 v7.01p Hyperref driver for pdfTeX
\Fld@listcount=\count323
\c@bookmark@seq@number=\count324
 (C:\Users\Thien Loc\AppData\Local\Programs\MiKTeX\tex/latex/rerunfilecheck\rerunfilecheck.sty
Package: rerunfilecheck 2025-06-21 v1.11 Rerun checks for auxiliary files (HO)
 (C:\Users\Thien Loc\AppData\Local\Programs\MiKTeX\tex/generic/uniquecounter\uniquecounter.sty
Package: uniquecounter 2019/12/15 v1.4 Provide unlimited unique counter (HO)
)
Package uniquecounter Info: New unique counter `rerunfilecheck' on input line 284.
)
\Hy@SectionHShift=\skip66
) (C:\Users\Thien Loc\AppData\Local\Programs\MiKTeX\tex/latex/l3backend\l3backend-pdftex.def
File: l3backend-pdftex.def 2025-10-09 L3 backend support: PDF output (pdfTeX)
\l__color_backend_stack_int=\count325
) (C:\Users\Thien Loc\AppData\Local\Programs\MiKTeX\tex/latex/bookmark\bkm-pdftex.def
File: bkm-pdftex.def 2026-05-21 v1.32 bookmark driver for pdfTeX (HO)
\BKM@id=\count326
)) (C:\Users\Thien Loc\AppData\Local\Programs\MiKTeX\tex/latex/xurl\xurl.sty
Package: xurl 2022/01/09 v 0.10 modify URL breaks
)
LaTeX Font Info:    Trying to load font information for T1+lmr on input line 145.
 (C:\Users\Thien Loc\AppData\Local\Programs\MiKTeX\tex/latex/lm\t1lmr.fd
File: t1lmr.fd 2015/05/01 v1.6.1 Font defs for Latin Modern
) (STAT452_Group8_Final_Report.aux)
\openout1 = `STAT452_Group8_Final_Report.aux'.

LaTeX Font Info:    Checking defaults for OML/cmm/m/it on input line 145.
LaTeX Font Info:    ... okay on input line 145.
LaTeX Font Info:    Checking defaults for OMS/cmsy/m/n on input line 145.
LaTeX Font Info:    ... okay on input line 145.
LaTeX Font Info:    Checking defaults for OT1/cmr/m/n on input line 145.
LaTeX Font Info:    ... okay on input line 145.
LaTeX Font Info:    Checking defaults for T1/cmr/m/n on input line 145.
LaTeX Font Info:    ... okay on input line 145.
LaTeX Font Info:    Checking defaults for TS1/cmr/m/n on input line 145.
LaTeX Font Info:    ... okay on input line 145.
LaTeX Font Info:    Checking defaults for OMX/cmex/m/n on input line 145.
LaTeX Font Info:    ... okay on input line 145.
LaTeX Font Info:    Checking defaults for U/cmr/m/n on input line 145.
LaTeX Font Info:    ... okay on input line 145.
LaTeX Font Info:    Checking defaults for PD1/pdf/m/n on input line 145.
LaTeX Font Info:    ... okay on input line 145.
LaTeX Font Info:    Checking defaults for PU/pdf/m/n on input line 145.
LaTeX Font Info:    ... okay on input line 145.
 (C:\Users\Thien Loc\AppData\Local\Programs\MiKTeX\tex/context/base/mkii\supp-pdf.mkii
[Loading MPS to PDF converter (version 2006.09.02).]
\scratchcounter=\count327
\scratchdimen=\dimen191
\scratchbox=\box66
\nofMPsegments=\count328
\nofMParguments=\count329
\everyMPshowfont=\toks32
\MPscratchCnt=\count330
\MPscratchDim=\dimen192
\MPnumerator=\count331
\makeMPintoPDFobject=\count332
\everyMPtoPDFconversion=\toks33
) (C:\Users\Thien Loc\AppData\Local\Programs\MiKTeX\tex/latex/epstopdf-pkg\epstopdf-base.sty
Package: epstopdf-base 2020-01-24 v2.11 Base part for package epstopdf
Package epstopdf-base Info: Redefining graphics rule for `.eps' on input line 485.
 (C:\Users\Thien Loc\AppData\Local\Programs\MiKTeX\tex/latex/00miktex\epstopdf-sys.cfg
File: epstopdf-sys.cfg 2021/03/18 v2.0 Configuration of epstopdf for MiKTeX
))
*geometry* driver: auto-detecting
*geometry* detected driver: pdftex
*geometry* verbose mode - [ preamble ] result:
* driver: pdftex
* paper: <default>
* layout: <same size as paper>
* layoutoffset:(h,v)=(0.0pt,0.0pt)
* modes: 
* h-part:(L,W,R)=(56.3705pt, 501.554pt, 56.3705pt)
* v-part:(T,H,B)=(56.3705pt, 682.22899pt, 56.3705pt)
* \paperwidth=614.295pt
* \paperheight=794.96999pt
* \textwidth=501.554pt
* \textheight=682.22899pt
* \oddsidemargin=-15.89949pt
* \evensidemargin=-15.89949pt
* \topmargin=-52.89949pt
* \headheight=12.0pt
* \headsep=25.0pt
* \topskip=10.0pt
* \footskip=30.0pt
* \marginparwidth=65.0pt
* \marginparsep=11.0pt
* \columnsep=10.0pt
* \skip\footins=9.0pt plus 4.0pt minus 2.0pt
* \hoffset=0.0pt
* \voffset=0.0pt
* \mag=1000
* \@twocolumnfalse
* \@twosidefalse
* \@mparswitchfalse
* \@reversemarginfalse
* (1in=72.27pt=25.4mm, 1cm=28.453pt)

LaTeX Info: Redefining \microtypecontext on input line 145.
Package microtype Info: Applying patch `item' on input line 145.
Package microtype Info: Applying patch `toc' on input line 145.
Package microtype Info: Applying patch `eqnum' on input line 145.
Package microtype Info: Applying patch `footnote' on input line 145.
Package microtype Info: Applying patch `verbatim' on input line 145.
LaTeX Info: Redefining \microtypesetup on input line 145.
Package microtype Info: Generating PDF output.
Package microtype Info: Character protrusion enabled (level 2).
Package microtype Info: Using protrusion set `basicmath'.
Package microtype Info: Automatic font expansion enabled (level 2),
(microtype)             stretch: 20, shrink: 20, step: 1, non-selected.
Package microtype Info: Using default expansion set `alltext-nott'.
Package microtype Info: Patching command `\showhyphens'.
Package microtype Info: No adjustment of tracking.
Package microtype Info: No adjustment of interword spacing.
Package microtype Info: No adjustment of character kerning.
(C:\Users\Thien Loc\AppData\Local\Programs\MiKTeX\tex/latex/microtype\mt-cmr.cfg
File: mt-cmr.cfg 2013/05/19 v2.2 microtype config. file: Computer Modern Roman (RS)
)
Package hyperref Info: Link coloring OFF on input line 145.
LaTeX Font Info:    Trying to load font information for OT1+lmr on input line 147.
 (C:\Users\Thien Loc\AppData\Local\Programs\MiKTeX\tex/latex/lm\ot1lmr.fd
File: ot1lmr.fd 2015/05/01 v1.6.1 Font defs for Latin Modern
)
LaTeX Font Info:    Trying to load font information for OML+lmm on input line 147.
 (C:\Users\Thien Loc\AppData\Local\Programs\MiKTeX\tex/latex/lm\omllmm.fd
File: omllmm.fd 2015/05/01 v1.6.1 Font defs for Latin Modern
)
LaTeX Font Info:    Trying to load font information for OMS+lmsy on input line 147.
 (C:\Users\Thien Loc\AppData\Local\Programs\MiKTeX\tex/latex/lm\omslmsy.fd
File: omslmsy.fd 2015/05/01 v1.6.1 Font defs for Latin Modern
)
LaTeX Font Info:    Trying to load font information for OMX+lmex on input line 147.
 (C:\Users\Thien Loc\AppData\Local\Programs\MiKTeX\tex/latex/lm\omxlmex.fd
File: omxlmex.fd 2015/05/01 v1.6.1 Font defs for Latin Modern
)
LaTeX Font Info:    External font `lmex10' loaded for size
(Font)              <12> on input line 147.
LaTeX Font Info:    External font `lmex10' loaded for size
(Font)              <8> on input line 147.
LaTeX Font Info:    External font `lmex10' loaded for size
(Font)              <6> on input line 147.
LaTeX Font Info:    Trying to load font information for U+msa on input line 147.
 (C:\Users\Thien Loc\AppData\Local\Programs\MiKTeX\tex/latex/amsfonts\umsa.fd
File: umsa.fd 2013/01/14 v3.01 AMS symbols A
) (C:\Users\Thien Loc\AppData\Local\Programs\MiKTeX\tex/latex/microtype\mt-msa.cfg
File: mt-msa.cfg 2006/02/04 v1.1 microtype config. file: AMS symbols (a) (RS)
)
LaTeX Font Info:    Trying to load font information for U+msb on input line 147.
 (C:\Users\Thien Loc\AppData\Local\Programs\MiKTeX\tex/latex/amsfonts\umsb.fd
File: umsb.fd 2013/01/14 v3.01 AMS symbols B
) (C:\Users\Thien Loc\AppData\Local\Programs\MiKTeX\tex/latex/microtype\mt-msb.cfg
File: mt-msb.cfg 2005/06/01 v1.0 microtype config. file: AMS symbols (b) (RS)
)

d:/Stats2/submission/STAT452_Group8_Final_Report.tex:147: LaTeX Error: Unicode character ầ (U+1EA7)
               not set up for use with LaTeX.

See the LaTeX manual or LaTeX Companion for explanation.
Type  H <return>  for immediate help.
 ...                                              
                                                  
l.147 
      
You may provide a definition with
\DeclareUnicodeCharacter 


d:/Stats2/submission/STAT452_Group8_Final_Report.tex:147: LaTeX Error: Unicode character ấ (U+1EA5)
               not set up for use with LaTeX.

See the LaTeX manual or LaTeX Companion for explanation.
Type  H <return>  for immediate help.
 ...                                              
                                                  
l.147 
      
You may provide a definition with
\DeclareUnicodeCharacter 


d:/Stats2/submission/STAT452_Group8_Final_Report.tex:147: LaTeX Error: Unicode character ễ (U+1EC5)
               not set up for use with LaTeX.

See the LaTeX manual or LaTeX Companion for explanation.
Type  H <return>  for immediate help.
 ...                                              
                                                  
l.147 
      
You may provide a definition with
\DeclareUnicodeCharacter 


d:/Stats2/submission/STAT452_Group8_Final_Report.tex:147: LaTeX Error: Unicode character ả (U+1EA3)
               not set up for use with LaTeX.

See the LaTeX manual or LaTeX Companion for explanation.
Type  H <return>  for immediate help.
 ...                                              
                                                  
l.147 
      
You may provide a definition with
\DeclareUnicodeCharacter 


d:/Stats2/submission/STAT452_Group8_Final_Report.tex:147: LaTeX Error: Unicode character ế (U+1EBF)
               not set up for use with LaTeX.

See the LaTeX manual or LaTeX Companion for explanation.
Type  H <return>  for immediate help.
 ...                                              
                                                  
l.147 
      
You may provide a definition with
\DeclareUnicodeCharacter 


d:/Stats2/submission/STAT452_Group8_Final_Report.tex:147: LaTeX Error: Unicode character ễ (U+1EC5)
               not set up for use with LaTeX.

See the LaTeX manual or LaTeX Companion for explanation.
Type  H <return>  for immediate help.
 ...                                              
                                                  
l.147 
      
You may provide a definition with
\DeclareUnicodeCharacter 


d:/Stats2/submission/STAT452_Group8_Final_Report.tex:147: LaTeX Error: Unicode character ộ (U+1ED9)
               not set up for use with LaTeX.

See the LaTeX manual or LaTeX Companion for explanation.
Type  H <return>  for immediate help.
 ...                                              
                                                  
l.147 
      
You may provide a definition with
\DeclareUnicodeCharacter 


d:/Stats2/submission/STAT452_Group8_Final_Report.tex:147: LaTeX Error: Unicode character ễ (U+1EC5)
               not set up for use with LaTeX.

See the LaTeX manual or LaTeX Companion for explanation.
Type  H <return>  for immediate help.
 ...                                              
                                                  
l.147 
      
You may provide a definition with
\DeclareUnicodeCharacter 


d:/Stats2/submission/STAT452_Group8_Final_Report.tex:147: LaTeX Error: Unicode character ồ (U+1ED3)
               not set up for use with LaTeX.

See the LaTeX manual or LaTeX Companion for explanation.
Type  H <return>  for immediate help.
 ...                                              
                                                  
l.147 
      
You may provide a definition with
\DeclareUnicodeCharacter 


d:/Stats2/submission/STAT452_Group8_Final_Report.tex:147: LaTeX Error: Unicode character ấ (U+1EA5)
               not set up for use with LaTeX.

See the LaTeX manual or LaTeX Companion for explanation.
Type  H <return>  for immediate help.
 ...                                              
                                                  
l.147 
      
You may provide a definition with
\DeclareUnicodeCharacter 


d:/Stats2/submission/STAT452_Group8_Final_Report.tex:147: LaTeX Error: Unicode character ậ (U+1EAD)
               not set up for use with LaTeX.

See the LaTeX manual or LaTeX Companion for explanation.
Type  H <return>  for immediate help.
 ...                                              
                                                  
l.147 
      
You may provide a definition with
\DeclareUnicodeCharacter 

No file STAT452_Group8_Final_Report.toc.
\tf@toc=\write3
\openout3 = `STAT452_Group8_Final_Report.toc'.

LaTeX Font Info:    External font `lmex10' loaded for size
(Font)              <10> on input line 174.
LaTeX Font Info:    External font `lmex10' loaded for size
(Font)              <7> on input line 174.
LaTeX Font Info:    External font `lmex10' loaded for size
(Font)              <5> on input line 174.

LaTeX Warning: Citation `ref-Hastie2009' on page 1 undefined on input line 177.


LaTeX Warning: Citation `ref-Cortez2009' on page 1 undefined on input line 189.


LaTeX Warning: Citation `ref-UCIWine' on page 1 undefined on input line 190.

LaTeX Font Info:    Trying to load font information for T1+lmtt on input line 190.
(C:\Users\Thien Loc\AppData\Local\Programs\MiKTeX\tex/latex/lm\t1lmtt.fd
File: t1lmtt.fd 2015/05/01 v1.6.1 Font defs for Latin Modern
)

LaTeX Warning: Reference `data-cleaning' on page 1 undefined on input line 202.



pdfTeX warning: pdflatex (file ../output/figures/fig_p2_quality_distribution.pdf): PDF inclusion: found PDF version <1.7>, but at most version <1.5> allowed
<../output/figures/fig_p2_quality_distribution.pdf, id=3, 505.89pt x 325.215pt>
File: ../output/figures/fig_p2_quality_distribution.pdf Graphic file (type pdf)
<use ../output/figures/fig_p2_quality_distribution.pdf>
Package pdftex.def Info: ../output/figures/fig_p2_quality_distribution.pdf  used on input line 210.
(pdftex.def)             Requested size: 481.50363pt x 309.53806pt.
[1

{C:/Users/Thien Loc/AppData/Local/MiKTeX/fonts/map/pdftex/pdftex.map}{C:/Users/Thien Loc/AppData/Local/Programs/MiKTeX/fonts/enc/dvips/lm/lm-ec.enc}{C:/Users/Thien Loc/AppData/Local/Programs/MiKTeX/fonts/enc/dvips/lm/lm-mathit.enc}{C:/Users/Thien Loc/AppData/Local/Programs/MiKTeX/fonts/enc/dvips/lm/lm-rm.enc}]

pdfTeX warning: pdflatex (file ../output/figures/fig_p2_predictor_distributions.pdf): PDF inclusion: found PDF version <1.7>, but at most version <1.5> allowed
<../output/figures/fig_p2_predictor_distributions.pdf, id=24, 722.7pt x 578.16pt>
File: ../output/figures/fig_p2_predictor_distributions.pdf Graphic file (type pdf)
<use ../output/figures/fig_p2_predictor_distributions.pdf>
Package pdftex.def Info: ../output/figures/fig_p2_predictor_distributions.pdf  used on input line 217.
(pdftex.def)             Requested size: 481.49371pt x 385.19498pt.
[2 <../output/figures/fig_p2_quality_distribution.pdf>]

LaTeX Warning: Reference `data-cleaning' on page 3 undefined on input line 221.



pdfTeX warning: pdflatex (file ../output/figures/fig_p2_correlation_heatmap.pdf): PDF inclusion: found PDF version <1.7>, but at most version <1.5> allowed
<../output/figures/fig_p2_correlation_heatmap.pdf, id=45, 614.295pt x 542.025pt>
File: ../output/figures/fig_p2_correlation_heatmap.pdf Graphic file (type pdf)
<use ../output/figures/fig_p2_correlation_heatmap.pdf>
Package pdftex.def Info: ../output/figures/fig_p2_correlation_heatmap.pdf  used on input line 227.
(pdftex.def)             Requested size: 481.50089pt x 424.85371pt.
[3 <../output/figures/fig_p2_predictor_distributions.pdf>]

pdfTeX warning: pdflatex (file ../output/figures/fig_p2_pairwise_quality.pdf): PDF inclusion: found PDF version <1.7>, but at most version <1.5> allowed
<../output/figures/fig_p2_pairwise_quality.pdf, id=65, 650.43pt x 505.89pt>
File: ../output/figures/fig_p2_pairwise_quality.pdf Graphic file (type pdf)
<use ../output/figures/fig_p2_pairwise_quality.pdf>
Package pdftex.def Info: ../output/figures/fig_p2_pairwise_quality.pdf  used on input line 236.
(pdftex.def)             Requested size: 481.50916pt x 374.50711pt.
[4{C:/Users/Thien Loc/AppData/Local/Programs/MiKTeX/fonts/enc/dvips/lm/lm-mathsy.enc} <../output/figures/fig_p2_correlation_heatmap.pdf>] (../output/tables/tab_p1_data_audit.tex) [5 <../output/figures/fig_p2_pairwise_quality.pdf>]

LaTeX Warning: Citation `ref-Hastie2009' on page 6 undefined on input line 263.

(../output/tables/tab_p1_split_summary.tex)

LaTeX Warning: Citation `ref-Tukey1977' on page 6 undefined on input line 270.



pdfTeX warning: pdflatex (file ../output/figures/fig_p2_outlier_audit.pdf): PDF inclusion: found PDF version <1.7>, but at most version <1.5> allowed
<../output/figures/fig_p2_outlier_audit.pdf, id=109, 578.16pt x 397.485pt>
File: ../output/figures/fig_p2_outlier_audit.pdf Graphic file (type pdf)
<use ../output/figures/fig_p2_outlier_audit.pdf>
Package pdftex.def Info: ../output/figures/fig_p2_outlier_audit.pdf  used on input line 277.
(pdftex.def)             Requested size: 481.49593pt x 331.02844pt.
[6]

LaTeX Warning: Citation `ref-FoxWeisberg2019' on page 7 undefined on input line 303.


LaTeX Warning: Citation `ref-Akaike1974' on page 7 undefined on input line 304.



pdfTeX warning: pdflatex (file ../output/figures/fig_p3_feature_screening.pdf): PDF inclusion: found PDF version <1.7>, but at most version <1.5> allowed
<../output/figures/fig_p3_feature_screening.pdf, id=117, 650.43pt x 397.485pt>
File: ../output/figures/fig_p3_feature_screening.pdf Graphic file (type pdf)
<use ../output/figures/fig_p3_feature_screening.pdf>
Package pdftex.def Info: ../output/figures/fig_p3_feature_screening.pdf  used on input line 311.
(pdftex.def)             Requested size: 481.50916pt x 294.25558pt.
[7 <../output/figures/fig_p2_outlier_audit.pdf>] (../output/tables/tab_p3_baseline_performance.tex) (../output/tables/tab_p4_lasso_selection.tex) [8 <../output/figures/fig_p3_feature_screening.pdf>]

LaTeX Warning: Citation `ref-Hoerl1970' on page 9 undefined on input line 358.


LaTeX Warning: Citation `ref-Tibshirani1996' on page 9 undefined on input line 359.


LaTeX Warning: Citation `ref-Zou2005' on page 9 undefined on input line 360.


LaTeX Warning: Citation `ref-Hastie2009' on page 9 undefined on input line 362.


LaTeX Warning: Citation `ref-Friedman2010' on page 9 undefined on input line 364.



pdfTeX warning: pdflatex (file ../output/figures/fig_p4_cv_curves.pdf): PDF inclusion: found PDF version <1.7>, but at most version <1.5> allowed
<../output/figures/fig_p4_cv_curves.pdf, id=163, 722.7pt x 310.15875pt>
File: ../output/figures/fig_p4_cv_curves.pdf Graphic file (type pdf)
<use ../output/figures/fig_p4_cv_curves.pdf>
Package pdftex.def Info: ../output/figures/fig_p4_cv_curves.pdf  used on input line 369.
(pdftex.def)             Requested size: 481.49371pt x 206.64105pt.
(../output/tables/tab_p4_regularized_display.tex) [9{C:/Users/Thien Loc/AppData/Local/Programs/MiKTeX/fonts/enc/dvips/lm/lm-mathex.enc} <../output/figures/fig_p4_cv_curves.pdf>]

pdfTeX warning: pdflatex (file ../output/figures/fig_p4_coefficient_paths.pdf): PDF inclusion: found PDF version <1.7>, but at most version <1.5> allowed
<../output/figures/fig_p4_coefficient_paths.pdf, id=190, 722.7pt x 332.24126pt>
File: ../output/figures/fig_p4_coefficient_paths.pdf Graphic file (type pdf)
<use ../output/figures/fig_p4_coefficient_paths.pdf>
Package pdftex.def Info: ../output/figures/fig_p4_coefficient_paths.pdf  used on input line 378.
(pdftex.def)             Requested size: 481.49371pt x 221.35336pt.
(../output/tables/tab_p5_holdout_display.tex)

LaTeX Warning: Citation `ref-EfronTibshirani1993' on page 10 undefined on input line 403.

[10 <../output/figures/fig_p4_coefficient_paths.pdf>]

pdfTeX warning: pdflatex (file ../output/figures/fig_p5_actual_vs_predicted.pdf): PDF inclusion: found PDF version <1.7>, but at most version <1.5> allowed
<../output/figures/fig_p5_actual_vs_predicted.pdf, id=215, 650.43pt x 578.16pt>
File: ../output/figures/fig_p5_actual_vs_predicted.pdf Graphic file (type pdf)
<use ../output/figures/fig_p5_actual_vs_predicted.pdf>
Package pdftex.def Info: ../output/figures/fig_p5_actual_vs_predicted.pdf  used on input line 406.
(pdftex.def)             Requested size: 481.50916pt x 428.00813pt.


pdfTeX warning: pdflatex (file ../output/figures/fig_p5_locked_residual_diagnostics.pdf): PDF inclusion: found PDF version <1.7>, but at most version <1.5> allowed
<../output/figures/fig_p5_locked_residual_diagnostics.pdf, id=216, 614.295pt x 505.89pt>
File: ../output/figures/fig_p5_locked_residual_diagnostics.pdf Graphic file (type pdf)
<use ../output/figures/fig_p5_locked_residual_diagnostics.pdf>
Package pdftex.def Info: ../output/figures/fig_p5_locked_residual_diagnostics.pdf  used on input line 416.
(pdftex.def)             Requested size: 481.50089pt x 396.53014pt.
[11 <../output/figures/fig_p5_actual_vs_predicted.pdf>]

LaTeX Warning: Reference `tab:p5-holdout-display' on page 12 undefined on input line 423.

[12 <../output/figures/fig_p5_locked_residual_diagnostics.pdf>] [13]

LaTeX Warning: Citation `ref-KaggleStudentsPerformance' on page 14 undefined on input line 485.

(../output/tables/tab_part2_descriptive_display.tex)

pdfTeX warning: pdflatex (file ../output/figures/fig_part2_histograms.pdf): PDF inclusion: found PDF version <1.7>, but at most version <1.5> allowed
<../output/figures/fig_part2_histograms.pdf, id=268, 578.16pt x 469.755pt>
File: ../output/figures/fig_part2_histograms.pdf Graphic file (type pdf)
<use ../output/figures/fig_part2_histograms.pdf>
Package pdftex.def Info: ../output/figures/fig_part2_histograms.pdf  used on input line 527.
(pdftex.def)             Requested size: 481.49593pt x 391.21544pt.
[14

]

pdfTeX warning: pdflatex (file ../output/figures/fig_part2_factorial_patterns.pdf): PDF inclusion: found PDF version <1.7>, but at most version <1.5> allowed
<../output/figures/fig_part2_factorial_patterns.pdf, id=278, 650.43pt x 325.215pt>
File: ../output/figures/fig_part2_factorial_patterns.pdf Graphic file (type pdf)
<use ../output/figures/fig_part2_factorial_patterns.pdf>
Package pdftex.def Info: ../output/figures/fig_part2_factorial_patterns.pdf  used on input line 529.
(pdftex.def)             Requested size: 481.50916pt x 240.75458pt.
[15 <../output/figures/fig_part2_histograms.pdf>]

LaTeX Warning: Citation `ref-Lakens2013' on page 16 undefined on input line 541.

(../output/tables/tab_part2_key_findings_display.tex)

pdfTeX warning: pdflatex (file ../output/figures/fig_part2_diagnostics.pdf): PDF inclusion: found PDF version <1.7>, but at most version <1.5> allowed
<../output/figures/fig_part2_diagnostics.pdf, id=298, 578.16pt x 505.89pt>
File: ../output/figures/fig_part2_diagnostics.pdf Graphic file (type pdf)
<use ../output/figures/fig_part2_diagnostics.pdf>
Package pdftex.def Info: ../output/figures/fig_part2_diagnostics.pdf  used on input line 556.
(pdftex.def)             Requested size: 481.49593pt x 421.30891pt.
[16 <../output/figures/fig_part2_factorial_patterns.pdf>]

LaTeX Warning: Citation `ref-ShapiroWilk1965' on page 17 undefined on input line 559.


LaTeX Warning: Citation `ref-BrownForsythe1974' on page 17 undefined on input line 562.


LaTeX Warning: Citation `ref-MacKinnonWhite1985' on page 17 undefined on input line 568.


LaTeX Warning: Citation `ref-Holm1979' on page 17 undefined on input line 574.

(../output/tables/tab_part2_simple_effects_display.tex) [17 <../output/figures/fig_part2_diagnostics.pdf>]

LaTeX Warning: Citation `ref-RCore2026' on page 18 undefined on input line 610.

LaTeX Font Info:    Trying to load font information for TS1+lmr on input line 621.
(C:\Users\Thien Loc\AppData\Local\Programs\MiKTeX\tex/latex/lm\ts1lmr.fd
File: ts1lmr.fd 2015/05/01 v1.6.1 Font defs for Latin Modern
)

d:/Stats2/submission/STAT452_Group8_Final_Report.tex:621: LaTeX Error: Unicode character ễ (U+1EC5)
               not set up for use with LaTeX.

See the LaTeX manual or LaTeX Companion for explanation.
Type  H <return>  for immediate help.
 ...                                              
                                                  
l.621   \textbf{Nguyễn Đình Thiên Lộc:}
                                               project framework and reprodu...
You may provide a definition with
\DeclareUnicodeCharacter 


d:/Stats2/submission/STAT452_Group8_Final_Report.tex:621: LaTeX Error: Unicode character ộ (U+1ED9)
               not set up for use with LaTeX.

See the LaTeX manual or LaTeX Companion for explanation.
Type  H <return>  for immediate help.
 ...                                              
                                                  
l.621   \textbf{Nguyễn Đình Thiên Lộc:}
                                               project framework and reprodu...
You may provide a definition with
\DeclareUnicodeCharacter 


d:/Stats2/submission/STAT452_Group8_Final_Report.tex:625: LaTeX Error: Unicode character ầ (U+1EA7)
               not set up for use with LaTeX.

See the LaTeX manual or LaTeX Companion for explanation.
Type  H <return>  for immediate help.
 ...                                              
                                                  
l.625   \textbf{Trần Lê Anh Tuấn:}
                                        Part 1 cleaning and preprocessing; P...
You may provide a definition with
\DeclareUnicodeCharacter 


d:/Stats2/submission/STAT452_Group8_Final_Report.tex:625: LaTeX Error: Unicode character ấ (U+1EA5)
               not set up for use with LaTeX.

See the LaTeX manual or LaTeX Companion for explanation.
Type  H <return>  for immediate help.
 ...                                              
                                                  
l.625   \textbf{Trần Lê Anh Tuấn:}
                                        Part 1 cleaning and preprocessing; P...
You may provide a definition with
\DeclareUnicodeCharacter 


d:/Stats2/submission/STAT452_Group8_Final_Report.tex:628: LaTeX Error: Unicode character ậ (U+1EAD)
               not set up for use with LaTeX.

See the LaTeX manual or LaTeX Companion for explanation.
Type  H <return>  for immediate help.
 ...                                              
                                                  
l.628   \textbf{Lê Minh Thuận:}
                                   Part 1 feature selection and baselines; P...
You may provide a definition with
\DeclareUnicodeCharacter 


d:/Stats2/submission/STAT452_Group8_Final_Report.tex:631: LaTeX Error: Unicode character ễ (U+1EC5)
               not set up for use with LaTeX.

See the LaTeX manual or LaTeX Companion for explanation.
Type  H <return>  for immediate help.
 ...                                              
                                                  
l.631   \textbf{Nguyễn Bảo Minh Triết:}
                                              Part 1 regularized modelling and
You may provide a definition with
\DeclareUnicodeCharacter 


d:/Stats2/submission/STAT452_Group8_Final_Report.tex:631: LaTeX Error: Unicode character ả (U+1EA3)
               not set up for use with LaTeX.

See the LaTeX manual or LaTeX Companion for explanation.
Type  H <return>  for immediate help.
 ...                                              
                                                  
l.631   \textbf{Nguyễn Bảo Minh Triết:}
                                              Part 1 regularized modelling and
You may provide a definition with
\DeclareUnicodeCharacter 


d:/Stats2/submission/STAT452_Group8_Final_Report.tex:631: LaTeX Error: Unicode character ế (U+1EBF)
               not set up for use with LaTeX.

See the LaTeX manual or LaTeX Companion for explanation.
Type  H <return>  for immediate help.
 ...                                              
                                                  
l.631   \textbf{Nguyễn Bảo Minh Triết:}
                                              Part 1 regularized modelling and
You may provide a definition with
\DeclareUnicodeCharacter 


d:/Stats2/submission/STAT452_Group8_Final_Report.tex:634: LaTeX Error: Unicode character ễ (U+1EC5)
               not set up for use with LaTeX.

See the LaTeX manual or LaTeX Companion for explanation.
Type  H <return>  for immediate help.
 ...                                              
                                                  
l.634   \textbf{Nguyễn Hồng Tấn Tài:}
                                             Part 1 locked holdout evaluatio...
You may provide a definition with
\DeclareUnicodeCharacter 


d:/Stats2/submission/STAT452_Group8_Final_Report.tex:634: LaTeX Error: Unicode character ồ (U+1ED3)
               not set up for use with LaTeX.

See the LaTeX manual or LaTeX Companion for explanation.
Type  H <return>  for immediate help.
 ...                                              
                                                  
l.634   \textbf{Nguyễn Hồng Tấn Tài:}
                                             Part 1 locked holdout evaluatio...
You may provide a definition with
\DeclareUnicodeCharacter 


d:/Stats2/submission/STAT452_Group8_Final_Report.tex:634: LaTeX Error: Unicode character ấ (U+1EA5)
               not set up for use with LaTeX.

See the LaTeX manual or LaTeX Companion for explanation.
Type  H <return>  for immediate help.
 ...                                              
                                                  
l.634   \textbf{Nguyễn Hồng Tấn Tài:}
                                             Part 1 locked holdout evaluatio...
You may provide a definition with
\DeclareUnicodeCharacter 

[18{C:/Users/Thien Loc/AppData/Local/Programs/MiKTeX/fonts/enc/dvips/lm/lm-ts1.enc}] (../output/tables/tab_p1_data_dictionary.tex) (../output/tables/tab_p2_descriptive_statistics.tex) (../output/tables/tab_p2_outlier_audit.tex) [19

] (../output/tables/tab_p2_transformation_plan.tex)
File: ../output/figures/fig_p2_outlier_audit.pdf Graphic file (type pdf)
<use ../output/figures/fig_p2_outlier_audit.pdf>
Package pdftex.def Info: ../output/figures/fig_p2_outlier_audit.pdf  used on input line 662.
(pdftex.def)             Requested size: 481.49593pt x 331.02844pt.
 [20] (../output/tables/tab_p3_feature_screening.tex) (../output/tables/tab_p4_coefficient_comparison.tex) [21] (../output/tables/tab_p4_enet_alpha_search.tex) (../output/tables/tab_p5_error_by_quality.tex)

LaTeX Warning: Citation `ref-RCore2026' on page 22 undefined on input line 691.


LaTeX Warning: Citation `ref-XieKnitr2025' on page 22 undefined on input line 692.


LaTeX Warning: Citation `ref-AllaireRmarkdown2026' on page 22 undefined on input line 693.

(../output/tables/tab_reproducibility_versions.tex) [22] [23] [24] (STAT452_Group8_Final_Report.aux)
 ***********
LaTeX2e <2025-11-01>
L3 programming layer <2026-01-19>
 ***********


LaTeX Warning: There were undefined references.


LaTeX Warning: Label(s) may have changed. Rerun to get cross-references right.

 ) 
Here is how much of TeX's memory you used:
 14466 strings out of 467866
 236787 string characters out of 5416341
 690010 words of memory out of 5000000
 42761 multiletter control sequences out of 15000+600000
 709497 words of font info for 186 fonts, out of 8000000 for 9000
 1141 hyphenation exceptions out of 8191
 83i,9n,93p,1045b,564s stack positions out of 10000i,1000n,20000p,200000b,200000s
<C:/Users/Thien Loc/AppData/Local/Programs/MiKTeX/fonts/type1/public/lm/lmbx10.pfb><C:/Users/Thien Loc/AppData/Local/Programs/MiKTeX/fonts/type1/public/lm/lmbx12.pfb><C:/Users/Thien Loc/AppData/Local/Programs/MiKTeX/fonts/type1/public/lm/lmbx9.pfb><C:/Users/Thien Loc/AppData/Local/Programs/MiKTeX/fonts/type1/public/lm/lmex10.pfb><C:/Users/Thien Loc/AppData/Local/Programs/MiKTeX/fonts/type1/public/lm/lmmi10.pfb><C:/Users/Thien Loc/AppData/Local/Programs/MiKTeX/fonts/type1/public/lm/lmmi7.pfb><C:/Users/Thien Loc/AppData/Local/Programs/MiKTeX/fonts/type1/public/lm/lmmib10.pfb><C:/Users/Thien Loc/AppData/Local/Programs/MiKTeX/fonts/type1/public/lm/lmr10.pfb><C:/Users/Thien Loc/AppData/Local/Programs/MiKTeX/fonts/type1/public/lm/lmr12.pfb><C:/Users/Thien Loc/AppData/Local/Programs/MiKTeX/fonts/type1/public/lm/lmr17.pfb><C:/Users/Thien Loc/AppData/Local/Programs/MiKTeX/fonts/type1/public/lm/lmr7.pfb><C:/Users/Thien Loc/AppData/Local/Programs/MiKTeX/fonts/type1/public/lm/lmr9.pfb><C:/Users/Thien Loc/AppData/Local/Programs/MiKTeX/fonts/type1/public/lm/lmri10.pfb><C:/Users/Thien Loc/AppData/Local/Programs/MiKTeX/fonts/type1/public/lm/lmsy10.pfb><C:/Users/Thien Loc/AppData/Local/Programs/MiKTeX/fonts/type1/public/lm/lmsy7.pfb><C:/Users/Thien Loc/AppData/Local/Programs/MiKTeX/fonts/type1/public/lm/lmtt10.pfb>
Output written on STAT452_Group8_Final_Report.pdf (24 pages, 1163339 bytes).
PDF statistics:
 594 PDF objects out of 1000 (max. 8388607)
 118 named destinations out of 1000 (max. 500000)
 45274 words of extra memory for PDF output out of 51595 (max. 10000000)

